2026-06-05 14:25:20,341 - INFO - \U0001f50c Conectando a la base de datos APS...
2026-06-05 14:25:20,341 - INFO - \U0001f4ca Creando OBT mediante SQL unificado...
2026-06-05 14:25:20,341 - INFO -   \U0001f5c4\ufe0f  Ejecutando query SQL unificada...
2026-06-05 14:25:21,185 - ERROR - \u274c Error ejecutando query: Execution failed on sql '
    -- Creación del OBT (One Big Table) con todos los joins necesarios
    SELECT 
        -- Información de Empresa
        e.*,
        
        -- Información de Ventas
        v.id AS ventas_id,
        v.fecha AS ventas_fecha,
        v.total AS ventas_total,
        v.estado AS ventas_estado,
        
        -- Información de Detalles de Ventas
        vd.id AS ventas_detalles_id,
        vd.producto_codigo,
        vd.cantidad AS ventas_cantidad,
        vd.precio_unitario AS ventas_precio_unitario,
        vd.subtotal AS ventas_subtotal,
        
        -- Información de Compras
        c.id AS compras_id,
        c.fecha AS compras_fecha,
        c.total AS compras_total,
        c.proveedor_id,
        
        -- Información de Detalles de Compras
        cd.id AS compras_detalles_id,
        cd.producto_codigo AS compras_producto_codigo,
        cd.cantidad AS compras_cantidad,
        cd.precio_unitario AS compras_precio_unitario,
        cd.subtotal AS compras_subtotal,
        
        -- Información de Inventario (Artículos)
        ia.id AS articulo_id,
        ia.codigo AS articulo_codigo,
        ia.descripcion AS articulo_descripcion,
        ia.categoria_id,
        ia.precio_compra,
        ia.precio_venta,
        
        -- Información de Inventario por Farmacia
        iaf.InvArticuloFciaId,
        iaf.cantidad AS inventario_cantidad,
        iaf.cantidad_minima,
        iaf.cantidad_maxima,
        iaf.ubicacion
        
    FROM Empresa e
    
    -- Join con Ventas (Empresa.id = Ventas.id)

    INNER JOIN Ventas v ON e.id = v.id
    
    -- Join con VentasDetalles (Ventas.id = VentasDetalles.ventasid)
    LEFT JOIN VentasDetalles vd ON v.id = vd.ventasid
    
    -- Join con Compras (Empresa.id = Compras.id)

    INNER JOIN Compras c ON e.id = c.id
    
    -- Join con ComprasDetalles (Compras.id = ComprasDetalles.comprasid)
    LEFT JOIN ComprasDetalles cd ON c.id = cd.comprasid
    
    -- Join con Inventario por Farmacia (Empresa.id = InvArticuloFcia.Empresaid)
    LEFT JOIN InvArticuloFcia iaf ON e.id = iaf.Empresaid
    
    -- Join con Artículos (InvArticulos.id = InvArticuloFcia.InvArticuloid)
    LEFT JOIN InvArticulos ia ON iaf.InvArticuloid = ia.id
    

    WHERE 
        (v.fecha BETWEEN ? AND ?) 
        AND (c.fecha BETWEEN ? AND ?)
    ': ('07002', '[07002] [Microsoft][ODBC Driver 17 for SQL Server]COUNT field incorrect or syntax error (0) (SQLExecDirectW)')
2026-06-05 14:25:21,195 - WARNING - \u26a0\ufe0f  No se encontraron registros en el OBT.
2026-06-05 14:25:21,199 - INFO - 
\U0001f4ca Creando módulos especializados...
2026-06-05 14:25:21,456 - ERROR - \u274c Error ejecutando query: Execution failed on sql '
    SELECT 
        e.*,
        v.*,
        vd.*,
        ROW_NUMBER() OVER (PARTITION BY e.id ORDER BY v.fecha DESC) AS ventas_rank
    FROM Empresa e
    INNER JOIN Ventas v ON e.id = v.id
    LEFT JOIN VentasDetalles vd ON v.id = vd.ventasid
    WHERE 
        v.fecha BETWEEN ? AND ?
    ORDER BY e.id, v.fecha DESC
    ': ('42S22', "[42S22] [Microsoft][ODBC Driver 17 for SQL Server][SQL Server]Invalid column name 'fecha'. (207) (SQLExecDirectW); [42S22] [Microsoft][ODBC Driver 17 for SQL Server][SQL Server]Invalid column name 'fecha'. (207); [42S22] [Microsoft][ODBC Driver 17 for SQL Server][SQL Server]Invalid column name 'fecha'. (207); [42S22] [Microsoft][ODBC Driver 17 for SQL Server][SQL Server]Invalid column name 'fecha'. (207); [42S22] [Microsoft][ODBC Driver 17 for SQL Server][SQL Server]Statement(s) could not be prepared. (8180)")
2026-06-05 14:25:21,460 - INFO -   \u2705 Módulo Ventas: 0 registros
2026-06-05 14:25:21,653 - ERROR - \u274c Error ejecutando query: Execution failed on sql '
    SELECT 
        e.*,
        c.*,
        cd.*,
        ROW_NUMBER() OVER (PARTITION BY e.id ORDER BY c.fecha DESC) AS compras_rank
    FROM Empresa e
    INNER JOIN Compras c ON e.id = c.id
    LEFT JOIN ComprasDetalles cd ON c.id = cd.comprasid
    WHERE 
        c.fecha BETWEEN ? AND ?
    ORDER BY e.id, c.fecha DESC
    ': ('42S22', "[42S22] [Microsoft][ODBC Driver 17 for SQL Server][SQL Server]Invalid column name 'comprasid'. (207) (SQLExecDirectW); [42S22] [Microsoft][ODBC Driver 17 for SQL Server][SQL Server]Invalid column name 'fecha'. (207); [42S22] [Microsoft][ODBC Driver 17 for SQL Server][SQL Server]Invalid column name 'fecha'. (207); [42S22] [Microsoft][ODBC Driver 17 for SQL Server][SQL Server]Invalid column name 'fecha'. (207); [42S22] [Microsoft][ODBC Driver 17 for SQL Server][SQL Server]Invalid column name 'fecha'. (207); [42S22] [Microsoft][ODBC Driver 17 for SQL Server][SQL Server]Statement(s) could not be prepared. (8180)")
2026-06-05 14:25:21,653 - INFO -   \u2705 Módulo Compras: 0 registros
2026-06-05 14:25:21,817 - ERROR - \u274c Error ejecutando query: Execution failed on sql '
    SELECT 
        e.*,
        ia.*,
        iaf.*,
        (iaf.cantidad * ia.precio_compra) AS valor_inventario,
        CASE 
            WHEN iaf.cantidad < iaf.cantidad_minima THEN 'BAJO'
            WHEN iaf.cantidad > iaf.cantidad_maxima THEN 'ALTO'
            ELSE 'NORMAL'
        END AS estado_inventario
    FROM Empresa e
    INNER JOIN InvArticuloFcia iaf ON e.id = iaf.Empresaid
    INNER JOIN InvArticulos ia ON iaf.InvArticuloid = ia.id
    ORDER BY e.id, ia.codigo
    ': ('42S22', "[42S22] [Microsoft][ODBC Driver 17 for SQL Server][SQL Server]Invalid column name 'cantidad'. (207) (SQLExecDirectW); [42S22] [Microsoft][ODBC Driver 17 for SQL Server][SQL Server]Invalid column name 'precio_compra'. (207); [42S22] [Microsoft][ODBC Driver 17 for SQL Server][SQL Server]Invalid column name 'cantidad'. (207); [42S22] [Microsoft][ODBC Driver 17 for SQL Server][SQL Server]Invalid column name 'cantidad_minima'. (207); [42S22] [Microsoft][ODBC Driver 17 for SQL Server][SQL Server]Invalid column name 'cantidad'. (207); [42S22] [Microsoft][ODBC Driver 17 for SQL Server][SQL Server]Invalid column name 'cantidad_maxima'. (207); [42S22] [Microsoft][ODBC Driver 17 for SQL Server][SQL Server]Invalid column name 'codigo'. (207)")
2026-06-05 14:25:21,817 - INFO -   \u2705 Módulo Inventario: 0 registros
2026-06-05 14:25:21,967 - ERROR - \u274c Error ejecutando query: Execution failed on sql '
    SELECT 
        e.id,
        e.nombre,
        e.rif,
        e.direccion,
        e.telefono,
        
        -- Estadísticas de Ventas
        COUNT(DISTINCT v.id) AS total_ventas,
        SUM(v.total) AS total_ventas_monto,
        COUNT(vd.id) AS total_items_vendidos,
        
        -- Estadísticas de Compras
        COUNT(DISTINCT c.id) AS total_compras,
        SUM(c.total) AS total_compras_monto,
        COUNT(cd.id) AS total_items_comprados,
        
        -- Estadísticas de Inventario
        COUNT(DISTINCT iaf.InvArticuloFciaId) AS total_items_inventario,
        SUM(iaf.cantidad) AS total_cantidad_inventario,
        SUM(iaf.cantidad * ia.precio_compra) AS valor_total_inventario,
        
        -- Indicadores de actividad
        CASE WHEN COUNT(DISTINCT v.id) > 0 THEN 1 ELSE 0 END AS tiene_ventas,
        CASE WHEN COUNT(DISTINCT c.id) > 0 THEN 1 ELSE 0 END AS tiene_compras,
        CASE WHEN COUNT(DISTINCT iaf.InvArticuloFciaId) > 0 THEN 1 ELSE 0 END AS tiene_inventario
        
    FROM Empresa e
    
    LEFT JOIN Ventas v ON e.id = v.id
    LEFT JOIN VentasDetalles vd ON v.id = vd.ventasid
    
    LEFT JOIN Compras c ON e.id = c.id
    LEFT JOIN ComprasDetalles cd ON c.id = cd.comprasid
    
    LEFT JOIN InvArticuloFcia iaf ON e.id = iaf.Empresaid
    LEFT JOIN InvArticulos ia ON iaf.InvArticuloid = ia.id
    
    GROUP BY e.id, e.nombre, e.rif, e.direccion, e.telefono
    ORDER BY total_ventas_monto DESC
    ': ('42S22', "[42S22] [Microsoft][ODBC Driver 17 for SQL Server][SQL Server]Invalid column name 'comprasid'. (207) (SQLExecDirectW); [42S22] [Microsoft][ODBC Driver 17 for SQL Server][SQL Server]Invalid column name 'telefono'. (207); [42S22] [Microsoft][ODBC Driver 17 for SQL Server][SQL Server]Invalid column name 'telefono'. (207); [42S22] [Microsoft][ODBC Driver 17 for SQL Server][SQL Server]Invalid column name 'total'. (207); [42S22] [Microsoft][ODBC Driver 17 for SQL Server][SQL Server]Invalid column name 'total'. (207); [42S22] [Microsoft][ODBC Driver 17 for SQL Server][SQL Server]Invalid column name 'cantidad'. (207); [42S22] [Microsoft][ODBC Driver 17 for SQL Server][SQL Server]Invalid column name 'cantidad'. (207); [42S22] [Microsoft][ODBC Driver 17 for SQL Server][SQL Server]Invalid column name 'precio_compra'. (207)")
2026-06-05 14:25:21,967 - INFO -   \u2705 Resumen por Empresa: 0 empresas
2026-06-05 14:25:21,967 - INFO - 
\U0001f4be Guardando resultados...
2026-06-05 14:25:21,967 - INFO - 
\U0001f4c1 Archivos generados:
2026-06-05 14:25:21,967 - INFO - 
\u2705 Proceso completado exitosamente!
